// Jest Snapshot v1, https://goo.gl/fbAQLP

exports[`FilmList rendered correctly 1`] = `
<div
  className="catalog__movies-list"
>
  <article
    className="small-movie-card catalog__movies-card"
    onClick={[Function]}
    onMouseEnter={[Function]}
    onMouseLeave={[Function]}
  >
    <div
      className="small-movie-card__image"
    >
      <video
        className="player__video"
        poster="test.preview"
        src="test.src"
      />
      <img
        alt="Test movie"
        height="175"
        src="test.preview"
        width="280"
      />
    </div>
    <h3
      className="small-movie-card__title"
    >
      <a
        className="small-movie-card__link"
        href="movie-page.html"
      >
        Test movie
      </a>
    </h3>
  </article>
  <article
    className="small-movie-card catalog__movies-card"
    onClick={[Function]}
    onMouseEnter={[Function]}
    onMouseLeave={[Function]}
  >
    <div
      className="small-movie-card__image"
    >
      <video
        className="player__video"
        poster="test.preview"
        src="test.src"
      />
      <img
        alt="Test movie"
        height="175"
        src="test.preview"
        width="280"
      />
    </div>
    <h3
      className="small-movie-card__title"
    >
      <a
        className="small-movie-card__link"
        href="movie-page.html"
      >
        Test movie
      </a>
    </h3>
  </article>
</div>
`;
